// Jest Snapshot v1, https://goo.gl/fbAQLP

exports[`Calculator should render correctly 1`] = `
<div
  className="calculator-container"
>
  <Display
    displayValue="0"
  />
  <Keypad
    callOperator={[Function]}
    numbers={Array []}
    operators={Array []}
    setOperator={[Function]}
    updateDisplay={[Function]}
  />
</div>
`;
